Microsoft Windows [Version 10.0.22621.3155]
(c) Microsoft Corporation. All rights reserved.

C:\Users\Lenovo>cd \xampp\mysql\bin

C:\xampp\mysql\bin>mysql -u root -p
Enter password:
Welcome to the MariaDB monitor.  Commands end with ; or \g.
Your MariaDB connection id is 8
Server version: 10.4.28-MariaDB mariadb.org binary distribution

Copyright (c) 2000, 2018, Oracle, MariaDB Corporation Ab and others.

Type 'help;' or '\h' for help. Type '\c' to clear the current input statement.

MariaDB [(none)]> create database ti05
    -> ;
Query OK, 1 row affected (0.002 sec)

MariaDB [(none)]> create database ti05;
ERROR 1007 (HY000): Can't create database 'ti05'; database exists
MariaDB [(none)]> CREATE TABLE jabatan(
    -> id int primary key NOT NULL auto_intcrement,
    -> nama varchar(30) NOT NULL unique);
ERROR 1046 (3D000): No database selected
MariaDB [(none)]>
MariaDB [(none)]> use ti05
Database changed
MariaDB [ti05]> CREATE TABLE jabatan(
    -> id int primary key NOT NULL auto_intcrement,
    -> nama varchar(30) NOT NULL unique);
ERROR 1064 (42000): You have an error in your SQL syntax; check the manual that corresponds to your MariaDB server version for the right syntax to use near '
nama varchar(30) NOT NULL unique)' at line 2
MariaDB [ti05]> CREATE TABLE jabatan(
    -> id int primary key NOT NULL auto_increment,
    -> nama varchar(30) NOT NULL unique);
Query OK, 0 rows affected (0.044 sec)

MariaDB [ti05]> CREATE TABLE pegawai(
    -> id int primary key NOT NULL auto_increment,
    -> nip varchar(30) NOT NULL unique,
    -> nama varchar(30) NOT NULL
    -> email varchar(30)
    -> tgl_lahir Date,
    ->
    -> jabatan_id int not null REFERENCES jabatan(id));
ERROR 1064 (42000): You have an error in your SQL syntax; check the manual that corresponds to your MariaDB server version for the right syntax to use near 'varchar(30)
tgl_lahir Date,

jabatan_id int not null REFERENCES jabatan(id))' at line 5
MariaDB [ti05]> CREATE TABLE pegawai(
    -> id int primary key NOT NULL auto_increment,
    -> nip varchar(30) NOT NULL unique,
    -> nama varchar(30) NOT NULL
    -> email varchar(30)
    -> tgl_lahir Date,
    -> jabatan_id int not nuII REFERENCES jabatan(id));
ERROR 1064 (42000): You have an error in your SQL syntax; check the manual that corresponds to your MariaDB server version for the right syntax to use near 'varchar(30)
tgl_lahir Date,
jabatan_id int not nuII REFERENCES jabatan(id))' at line 5
MariaDB [ti05]> CREATE TABLE pegawai(
    -> id int primary key NOT NULL auto_increment,
    -> nip varchar(30) NOT NULL unique,
    -> nama varchar(30) NOT NULL,
    -> email varchar(30),
    -> tgl_lahir Date,
    -> jabatan_id int not nuII REFERENCES jabatan(id));
ERROR 1064 (42000): You have an error in your SQL syntax; check the manual that corresponds to your MariaDB server version for the right syntax to use near 'nuII REFERENCES jabatan(id))' at line 7
MariaDB [ti05]> CREATE TABLE pegawai(
    -> id int primary key NOT NULL auto_increment,
    -> nip varchar(30) NOT NULL unique,
    -> nama varchar(30) NOT NULL
    -> ,
    -> tgl_lahir Date,
    -> jabatan_id int not null REFERENCES jabatan(id));
Query OK, 0 rows affected (0.040 sec)

MariaDB [ti05]>
